C51 COMPILER V9.00   MAIN                                                                  05/25/2017 23:19:51 PAGE 1   


C51 COMPILER V9.00, COMPILATION OF MODULE MAIN
OBJECT MODULE PLACED IN main.OBJ
COMPILER INVOKED BY: C:\Keil\C51\BIN\C51.EXE main.c BROWSE DEBUG OBJECTEXTEND

line level    source

   1          #include <reg52.h>
   2          typedef unsigned int uint;
   3          uint i;
   4          uint j;
   5          sbit a=P1^5;
   6          sbit b=P1^6;
   7          sbit c=P1^7;
   8          sbit k1=P3^1;
   9          sbit k3=P3^3;
  10          
  11          void delay(uint i)
  12          {
  13   1              uint j;
  14   1              for(i;i>0;i--)          
  15   1                      for(j=100;j>0;j--);
  16   1      }
  17          void keypros1()
  18          {
  19   1              if (k1==0)
  20   1                      {
  21   2                      delay (50);
  22   2                              if (k1==0)
  23   2                                      {
  24   3                                      a=~a;
  25   3                                      b=~b;
  26   3                                      while (k1==0);
  27   3                                      }                                               
  28   2                      }
  29   1      }
  30          void keypros3()
  31          {
  32   1              if (k3==0)
  33   1                      {
  34   2                      delay (50);
  35   2                              if (k3==0)
  36   2                                      {
  37   3                                      i=i+10;
  38   3                                      while (k3==0);
  39   3                                      }                                               
  40   2                      }
  41   1      }
  42          void delayms(uint i)
  43          {
  44   1              while(i--);
  45   1              keypros1();
  46   1              keypros3();
  47   1      
  48   1              }
  49          
  50          void main ()
  51                  {
  52   1              a=1;
  53   1              b=0;
  54   1              i=10;
  55   1      
C51 COMPILER V9.00   MAIN                                                                  05/25/2017 23:19:51 PAGE 2   

  56   1              while(1)
  57   1              {
  58   2                      while(1)
  59   2                      {
  60   3                      delayms(100);
  61   3                      c=~c;
  62   3                      delayms(i);
  63   3                      c=~c;
  64   3                      }
  65   2              }
  66   1              }


MODULE INFORMATION:   STATIC OVERLAYABLE
   CODE SIZE        =    125    ----
   CONSTANT SIZE    =   ----    ----
   XDATA SIZE       =   ----    ----
   PDATA SIZE       =   ----    ----
   DATA SIZE        =      4    ----
   IDATA SIZE       =   ----    ----
   BIT SIZE         =   ----    ----
END OF MODULE INFORMATION.


C51 COMPILATION COMPLETE.  0 WARNING(S),  0 ERROR(S)
